[Barangay Health Monitoring System Log Init]
[20-Jul-2026 10:58:11 Asia/Manila] AuthService login error: SQLSTATE[HY000]: General error: 2006 MySQL server has gone away
[20-Jul-2026 10:58:26 Asia/Manila] Database Connection Error: SQLSTATE[HY000] [2002] No connection could be made because the target machine actively refused it
[20-Jul-2026 10:58:26 Asia/Manila] AuthService login error: Database connection failed. Please contact your system administrator.
[20-Jul-2026 10:58:44 Asia/Manila] Database Connection Error: SQLSTATE[HY000] [2002] No connection could be made because the target machine actively refused it
[20-Jul-2026 10:58:44 Asia/Manila] AuthService login error: Database connection failed. Please contact your system administrator.
[20-Jul-2026 10:59:11 Asia/Manila] Database Connection Error: SQLSTATE[HY000] [2002] No connection could be made because the target machine actively refused it
[20-Jul-2026 10:59:11 Asia/Manila] AuthService login error: Database connection failed. Please contact your system administrator.
[20-Jul-2026 10:59:38 Asia/Manila] Database Connection Error: SQLSTATE[HY000] [2002] No connection could be made because the target machine actively refused it
[20-Jul-2026 10:59:38 Asia/Manila] AuthService login error: Database connection failed. Please contact your system administrator.
[20-Jul-2026 10:59:51 Asia/Manila] Database Connection Error: SQLSTATE[HY000] [2002] No connection could be made because the target machine actively refused it
[20-Jul-2026 10:59:51 Asia/Manila] AuthService login error: Database connection failed. Please contact your system administrator.
[20-Jul-2026 11:00:06 Asia/Manila] Database Connection Error: SQLSTATE[HY000] [2002] No connection could be made because the target machine actively refused it
[20-Jul-2026 11:00:06 Asia/Manila] AuthService login error: Database connection failed. Please contact your system administrator.
[20-Jul-2026 11:00:20 Asia/Manila] Database Connection Error: SQLSTATE[HY000] [2002] No connection could be made because the target machine actively refused it
[20-Jul-2026 11:00:20 Asia/Manila] AuthService login error: Database connection failed. Please contact your system administrator.
[20-Jul-2026 11:00:37 Asia/Manila] Database Connection Error: SQLSTATE[HY000] [2002] No connection could be made because the target machine actively refused it
[20-Jul-2026 11:00:37 Asia/Manila] AuthService login error: Database connection failed. Please contact your system administrator.
[21-Jul-2026 14:10:19 Asia/Manila] AuthService login error: SQLSTATE[42S22]: Column not found: 1054 Unknown column 'deleted_at' in 'where clause'
[21-Jul-2026 14:10:37 Asia/Manila] AuthService login error: SQLSTATE[42S22]: Column not found: 1054 Unknown column 'deleted_at' in 'where clause'
[21-Jul-2026 14:15:51 Asia/Manila] AuthService login error: SQLSTATE[42S22]: Column not found: 1054 Unknown column 'deleted_at' in 'where clause'
[21-Jul-2026 14:16:06 Asia/Manila] AuthService login error: SQLSTATE[42S22]: Column not found: 1054 Unknown column 'deleted_at' in 'where clause'
[23-Jul-2026 10:02:56 Asia/Manila] PHP Parse error:  syntax error, unexpected token ":", expecting ")" in C:\xampp\htdocs\barangay-health-system\views\immunization\index.php on line 407
[23-Jul-2026 10:03:00 Asia/Manila] PHP Parse error:  syntax error, unexpected token ":", expecting ")" in C:\xampp\htdocs\barangay-health-system\views\immunization\index.php on line 407
[24-Jul-2026 21:27:30 Asia/Manila] Unhandled Application Error: SQLSTATE[HY000]: General error: 1 no such column: YEAR
#0 C:\xampp\htdocs\barangay-health-system\app\models\Resident.php(17): PDO->prepare('\n            SE...')
#1 C:\xampp\htdocs\barangay-health-system\app\controllers\ResidentController.php(22): App\Models\Resident::getAll('Active')
#2 C:\xampp\htdocs\barangay-health-system\index.php(56): App\Controllers\ResidentController->index()
#3 {main}
[24-Jul-2026 21:27:35 Asia/Manila] Unhandled Application Error: SQLSTATE[HY000]: General error: 1 no such column: YEAR
#0 C:\xampp\htdocs\barangay-health-system\app\models\Resident.php(234): PDO->prepare('\n            SE...')
#1 C:\xampp\htdocs\barangay-health-system\app\controllers\DashboardController.php(32): App\Models\Resident::getLatest(5)
#2 C:\xampp\htdocs\barangay-health-system\index.php(56): App\Controllers\DashboardController->index()
#3 {main}
[24-Jul-2026 21:29:13 Asia/Manila] Unhandled Application Error: SQLSTATE[HY000]: General error: 1 no such function: TIMESTAMPDIFF
#0 C:\xampp\htdocs\barangay-health-system\app\models\Resident.php(234): PDO->prepare('\n            SE...')
#1 C:\xampp\htdocs\barangay-health-system\app\controllers\DashboardController.php(32): App\Models\Resident::getLatest(5)
#2 C:\xampp\htdocs\barangay-health-system\index.php(56): App\Controllers\DashboardController->index()
#3 {main}
[24-Jul-2026 21:31:49 Asia/Manila] Unhandled Application Error: SQLSTATE[HY000]: General error: 1 no such function: MONTH
#0 C:\xampp\htdocs\barangay-health-system\app\models\Consultation.php(329): PDO->prepare('\n            SE...')
#1 C:\xampp\htdocs\barangay-health-system\app\controllers\DashboardController.php(49): App\Models\Consultation::getMonthlyCounts()
#2 C:\xampp\htdocs\barangay-health-system\index.php(56): App\Controllers\DashboardController->index()
#3 {main}
[25-Jul-2026 23:19:34 Asia/Manila] Unhandled Application Error: SQLSTATE[42000]: Syntax error or access violation: 1064 You have an error in your SQL syntax; check the manual that corresponds to your MariaDB server version for the right syntax to use near ''YEAR', birthdate, CURDATE()) AS age 
            FROM residents 
           ...' at line 1
#0 C:\xampp\htdocs\barangay-health-system\app\models\Resident.php(234): PDO->prepare('\n            SE...')
#1 C:\xampp\htdocs\barangay-health-system\app\controllers\DashboardController.php(32): App\Models\Resident::getLatest(5)
#2 C:\xampp\htdocs\barangay-health-system\index.php(56): App\Controllers\DashboardController->index()
#3 {main}
[25-Jul-2026 23:23:38 Asia/Manila] Unhandled Application Error: SQLSTATE[42000]: Syntax error or access violation: 1064 You have an error in your SQL syntax; check the manual that corresponds to your MariaDB server version for the right syntax to use near ''YEAR', birthdate, CURDATE()) AS age 
            FROM residents 
           ...' at line 1
#0 C:\xampp\htdocs\barangay-health-system\app\models\Resident.php(234): PDO->prepare('\n            SE...')
#1 C:\xampp\htdocs\barangay-health-system\app\controllers\DashboardController.php(32): App\Models\Resident::getLatest(5)
#2 C:\xampp\htdocs\barangay-health-system\index.php(56): App\Controllers\DashboardController->index()
#3 {main}
[25-Jul-2026 23:28:39 Asia/Manila] Unhandled Application Error: SQLSTATE[42000]: Syntax error or access violation: 1064 You have an error in your SQL syntax; check the manual that corresponds to your MariaDB server version for the right syntax to use near ''YEAR', birthdate, CURDATE()) AS age 
            FROM residents 
           ...' at line 1
#0 C:\xampp\htdocs\barangay-health-system\app\models\Resident.php(234): PDO->prepare('\n            SE...')
#1 C:\xampp\htdocs\barangay-health-system\app\controllers\DashboardController.php(32): App\Models\Resident::getLatest(5)
#2 C:\xampp\htdocs\barangay-health-system\index.php(56): App\Controllers\DashboardController->index()
#3 {main}
[25-Jul-2026 23:28:42 Asia/Manila] Unhandled Application Error: SQLSTATE[42000]: Syntax error or access violation: 1064 You have an error in your SQL syntax; check the manual that corresponds to your MariaDB server version for the right syntax to use near ''YEAR', birthdate, CURDATE()) AS age 
            FROM residents 
           ...' at line 1
#0 C:\xampp\htdocs\barangay-health-system\app\models\Resident.php(234): PDO->prepare('\n            SE...')
#1 C:\xampp\htdocs\barangay-health-system\app\controllers\DashboardController.php(32): App\Models\Resident::getLatest(5)
#2 C:\xampp\htdocs\barangay-health-system\index.php(56): App\Controllers\DashboardController->index()
#3 {main}
[25-Jul-2026 23:32:47 Asia/Manila] Unhandled Application Error: SQLSTATE[42000]: Syntax error or access violation: 1064 You have an error in your SQL syntax; check the manual that corresponds to your MariaDB server version for the right syntax to use near ''YEAR', birthdate, CURDATE()) AS age 
            FROM residents 
           ...' at line 1
#0 C:\xampp\htdocs\barangay-health-system\app\config\database.php(119): PDO->prepare('\n            SE...', Array)
#1 C:\xampp\htdocs\barangay-health-system\app\models\Resident.php(234): App\Config\CompatiblePDO->prepare('\n            SE...')
#2 C:\xampp\htdocs\barangay-health-system\app\controllers\DashboardController.php(32): App\Models\Resident::getLatest(5)
#3 C:\xampp\htdocs\barangay-health-system\index.php(56): App\Controllers\DashboardController->index()
#4 {main}
[25-Jul-2026 23:32:57 Asia/Manila] Unhandled Application Error: SQLSTATE[42000]: Syntax error or access violation: 1064 You have an error in your SQL syntax; check the manual that corresponds to your MariaDB server version for the right syntax to use near ''YEAR', birthdate, CURDATE()) AS age 
            FROM residents 
           ...' at line 1
#0 C:\xampp\htdocs\barangay-health-system\app\config\database.php(119): PDO->prepare('\n            SE...', Array)
#1 C:\xampp\htdocs\barangay-health-system\app\models\Resident.php(234): App\Config\CompatiblePDO->prepare('\n            SE...')
#2 C:\xampp\htdocs\barangay-health-system\app\controllers\DashboardController.php(32): App\Models\Resident::getLatest(5)
#3 C:\xampp\htdocs\barangay-health-system\index.php(56): App\Controllers\DashboardController->index()
#4 {main}
[25-Jul-2026 23:33:28 Asia/Manila] Unhandled Application Error: SQLSTATE[42000]: Syntax error or access violation: 1064 You have an error in your SQL syntax; check the manual that corresponds to your MariaDB server version for the right syntax to use near ''YEAR', birthdate, CURDATE()) AS age 
            FROM residents 
           ...' at line 1
#0 C:\xampp\htdocs\barangay-health-system\app\config\database.php(119): PDO->prepare('\n            SE...', Array)
#1 C:\xampp\htdocs\barangay-health-system\app\models\Resident.php(234): App\Config\CompatiblePDO->prepare('\n            SE...')
#2 C:\xampp\htdocs\barangay-health-system\app\controllers\DashboardController.php(32): App\Models\Resident::getLatest(5)
#3 C:\xampp\htdocs\barangay-health-system\index.php(56): App\Controllers\DashboardController->index()
#4 {main}
[25-Jul-2026 23:35:08 Asia/Manila] Unhandled Application Error: SQLSTATE[42000]: Syntax error or access violation: 1064 You have an error in your SQL syntax; check the manual that corresponds to your MariaDB server version for the right syntax to use near ''YEAR', birthdate, CURDATE()) AS age 
            FROM residents 
           ...' at line 1
#0 C:\xampp\htdocs\barangay-health-system\app\config\database.php(119): PDO->prepare('\n            SE...', Array)
#1 C:\xampp\htdocs\barangay-health-system\app\models\Resident.php(234): App\Config\CompatiblePDO->prepare('\n            SE...')
#2 C:\xampp\htdocs\barangay-health-system\app\controllers\DashboardController.php(32): App\Models\Resident::getLatest(5)
#3 C:\xampp\htdocs\barangay-health-system\index.php(56): App\Controllers\DashboardController->index()
#4 {main}
[25-Jul-2026 23:35:09 Asia/Manila] Unhandled Application Error: SQLSTATE[42000]: Syntax error or access violation: 1064 You have an error in your SQL syntax; check the manual that corresponds to your MariaDB server version for the right syntax to use near ''YEAR', birthdate, CURDATE()) AS age 
            FROM residents 
           ...' at line 1
#0 C:\xampp\htdocs\barangay-health-system\app\config\database.php(119): PDO->prepare('\n            SE...', Array)
#1 C:\xampp\htdocs\barangay-health-system\app\models\Resident.php(234): App\Config\CompatiblePDO->prepare('\n            SE...')
#2 C:\xampp\htdocs\barangay-health-system\app\controllers\DashboardController.php(32): App\Models\Resident::getLatest(5)
#3 C:\xampp\htdocs\barangay-health-system\index.php(56): App\Controllers\DashboardController->index()
#4 {main}
[25-Jul-2026 23:35:32 Asia/Manila] Unhandled Application Error: SQLSTATE[42000]: Syntax error or access violation: 1064 You have an error in your SQL syntax; check the manual that corresponds to your MariaDB server version for the right syntax to use near ''YEAR', birthdate, CURDATE()) AS age 
            FROM residents 
           ...' at line 1
#0 C:\xampp\htdocs\barangay-health-system\app\config\database.php(119): PDO->prepare('\n            SE...', Array)
#1 C:\xampp\htdocs\barangay-health-system\app\models\Resident.php(234): App\Config\CompatiblePDO->prepare('\n            SE...')
#2 C:\xampp\htdocs\barangay-health-system\app\controllers\DashboardController.php(32): App\Models\Resident::getLatest(5)
#3 C:\xampp\htdocs\barangay-health-system\index.php(56): App\Controllers\DashboardController->index()
#4 {main}
[26-Jul-2026 19:33:58 Asia/Manila] Database Connection Error: SQLSTATE[HY000] [2002] No connection could be made because the target machine actively refused it
[26-Jul-2026 19:33:58 Asia/Manila] AuthService login error: Database connection failed. Please contact your system administrator.
[26-Jul-2026 19:34:13 Asia/Manila] Database Connection Error: SQLSTATE[HY000] [2002] No connection could be made because the target machine actively refused it
[26-Jul-2026 19:34:13 Asia/Manila] AuthService login error: Database connection failed. Please contact your system administrator.
[26-Jul-2026 19:34:27 Asia/Manila] Database Connection Error: SQLSTATE[HY000] [2002] No connection could be made because the target machine actively refused it
[26-Jul-2026 19:34:27 Asia/Manila] AuthService login error: Database connection failed. Please contact your system administrator.
[26-Jul-2026 19:34:40 Asia/Manila] Database Connection Error: SQLSTATE[HY000] [2002] No connection could be made because the target machine actively refused it
[26-Jul-2026 19:34:40 Asia/Manila] AuthService login error: Database connection failed. Please contact your system administrator.
[26-Jul-2026 19:48:44 Asia/Manila] Database Connection Error: SQLSTATE[HY000] [2006] MySQL server has gone away
[26-Jul-2026 19:48:44 Asia/Manila] AuthService login error: Database connection failed. Please contact your system administrator.
[27-Jul-2026 21:02:47 Asia/Manila] Database Connection Error: SQLSTATE[HY000] [2002] No connection could be made because the target machine actively refused it
[27-Jul-2026 21:02:47 Asia/Manila] AuthService login error: Database connection failed. Please contact your system administrator.
[27-Jul-2026 21:03:02 Asia/Manila] Database Connection Error: SQLSTATE[HY000] [2002] No connection could be made because the target machine actively refused it
[27-Jul-2026 21:03:02 Asia/Manila] AuthService login error: Database connection failed. Please contact your system administrator.
[27-Jul-2026 21:04:05 Asia/Manila] Database Connection Error: SQLSTATE[HY000] [2002] No connection could be made because the target machine actively refused it
[27-Jul-2026 21:04:05 Asia/Manila] AuthMiddleware DB error: Database connection failed. Please contact your system administrator.
[27-Jul-2026 21:04:07 Asia/Manila] Database Connection Error: SQLSTATE[HY000] [2002] No connection could be made because the target machine actively refused it
[27-Jul-2026 21:04:07 Asia/Manila] Unhandled Application Error: Database connection failed. Please contact your system administrator.
#0 C:\xampp\htdocs\barangay-health-system\app\models\Resident.php(185): App\Config\Database::getConnection()
#1 C:\xampp\htdocs\barangay-health-system\app\controllers\DashboardController.php(24): App\Models\Resident::countAll()
#2 C:\xampp\htdocs\barangay-health-system\index.php(56): App\Controllers\DashboardController->index()
#3 {main}
[27-Jul-2026 21:04:10 Asia/Manila] Database Connection Error: SQLSTATE[HY000] [2002] No connection could be made because the target machine actively refused it
[27-Jul-2026 21:04:10 Asia/Manila] Failed to insert activity log: Database connection failed. Please contact your system administrator.
